2026-10-04T06:49:04.916-03:00  INFO 2442 --- [usuarios-api] [restartedMain] c.v.usuarios_api.UsuariosApiApplication  : Starting UsuariosApiApplication using Java 26.0.1 with PID 2442 (/Volumes/Development/code/java/velsis/usuarios-api/target/classes started by emerson in /Volumes/Development/code/java/velsis/usuarios-api)
2026-10-04T06:49:04.921-03:00  INFO 2442 --- [usuarios-api] [restartedMain] c.v.usuarios_api.UsuariosApiApplication  : No active profile set, falling back to 1 default profile: "default"
2026-10-04T06:49:04.968-03:00  INFO 2442 --- [usuarios-api] [restartedMain] .e.DevToolsPropertyDefaultsPostProcessor : Devtools property defaults active! Set 'spring.devtools.add-properties' to 'false' to disable
2026-10-04T06:49:04.969-03:00  INFO 2442 --- [usuarios-api] [restartedMain] .e.DevToolsPropertyDefaultsPostProcessor : For additional web related logging consider setting the 'logging.level.web' property to 'DEBUG'
2026-10-04T06:49:05.689-03:00  INFO 2442 --- [usuarios-api] [restartedMain] .s.d.r.c.RepositoryConfigurationDelegate : Bootstrapping Spring Data JPA repositories in DEFAULT mode.
2026-10-04T06:49:05.743-03:00  INFO 2442 --- [usuarios-api] [restartedMain] .s.d.r.c.RepositoryConfigurationDelegate : Finished Spring Data repository scanning in 43 ms. Found 2 JPA repository interfaces.
2026-10-04T06:49:06.332-03:00  INFO 2442 --- [usuarios-api] [restartedMain] o.s.boot.tomcat.TomcatWebServer          : Tomcat initialized with port 8181 (http)
2026-10-04T06:49:06.343-03:00  INFO 2442 --- [usuarios-api] [restartedMain] o.apache.catalina.core.StandardService   : Starting service [Tomcat]
2026-10-04T06:49:06.344-03:00  INFO 2442 --- [usuarios-api] [restartedMain] o.apache.catalina.core.StandardEngine    : Starting Servlet engine: [Apache Tomcat/11.0.24]
2026-10-04T06:49:06.368-03:00  INFO 2442 --- [usuarios-api] [restartedMain] b.w.c.s.WebApplicationContextInitializer : Root WebApplicationContext: initialization completed in 1399 ms
2026-10-04T06:49:06.572-03:00  WARN 2442 --- [usuarios-api] [restartedMain] com.zaxxer.hikari.HikariConfig           : HikariPool-1 - keepaliveTime is less than 30000ms, disabling it.
2026-10-04T06:49:06.572-03:00  INFO 2442 --- [usuarios-api] [restartedMain] com.zaxxer.hikari.HikariDataSource       : HikariPool-1 - Starting...
2026-10-04T06:49:06.723-03:00  INFO 2442 --- [usuarios-api] [restartedMain] com.zaxxer.hikari.pool.HikariPool        : HikariPool-1 - Added connection com.mysql.cj.jdbc.ConnectionImpl@31891463
2026-10-04T06:49:06.725-03:00  INFO 2442 --- [usuarios-api] [restartedMain] com.zaxxer.hikari.HikariDataSource       : HikariPool-1 - Start completed.
2026-10-04T06:49:06.753-03:00  INFO 2442 --- [usuarios-api] [restartedMain] org.hibernate.orm.jpa                    : HHH008540: Processing PersistenceUnitInfo [name: default]
2026-10-04T06:49:06.815-03:00  INFO 2442 --- [usuarios-api] [restartedMain] org.hibernate.orm.core                   : HHH000001: Hibernate ORM core version 7.4.5.Final
2026-10-04T06:49:07.197-03:00  INFO 2442 --- [usuarios-api] [restartedMain] o.s.o.j.p.SpringPersistenceUnitInfo      : No LoadTimeWeaver setup: ignoring JPA class transformer
2026-10-04T06:49:07.280-03:00  INFO 2442 --- [usuarios-api] [restartedMain] org.hibernate.orm.connections.pooling    : HHH10001005: Database info:
	Database JDBC URL [jdbc:mysql://localhost:3306/usuarios?useSSL=false&serverTimezone=America/Sao_Paulo&allowPublicKeyRetrieval=true]
	Database driver: MySQL Connector/J
	Database dialect: MySQLDialect
	Database version: 26.7
	Default catalog/schema: usuarios/undefined
	Autocommit mode: undefined/unknown
	Isolation level: REPEATABLE_READ [default REPEATABLE_READ]
	JDBC fetch size: none
	Pool: DataSourceConnectionProvider
	Minimum pool size: undefined/unknown
	Maximum pool size: undefined/unknown
2026-10-04T06:49:07.999-03:00  INFO 2442 --- [usuarios-api] [restartedMain] org.hibernate.orm.core                   : HHH000489: No JTA platform available (set 'hibernate.transaction.jta.platform' to enable JTA platform integration)
2026-10-04T06:49:08.005-03:00  INFO 2442 --- [usuarios-api] [restartedMain] j.LocalContainerEntityManagerFactoryBean : Initialized JPA EntityManagerFactory for persistence unit 'default'
2026-10-04T06:49:08.089-03:00  INFO 2442 --- [usuarios-api] [restartedMain] o.s.d.j.r.query.QueryEnhancerFactories   : Hibernate is in classpath; If applicable, HQL parser will be used.
2026-10-04T06:49:08.276-03:00  WARN 2442 --- [usuarios-api] [restartedMain] JpaBaseConfiguration$JpaWebConfiguration : spring.jpa.open-in-view is enabled by default. Therefore, database queries may be performed during view rendering. Explicitly configure spring.jpa.open-in-view to disable this warning
2026-10-04T06:49:08.710-03:00  INFO 2442 --- [usuarios-api] [restartedMain] .w.s.a.s.AnnotationActionEndpointMapping : Supporting [WS-Addressing August 2004, WS-Addressing 1.0]
2026-10-04T06:49:08.734-03:00  INFO 2442 --- [usuarios-api] [restartedMain] o.s.b.a.e.web.EndpointLinksResolver      : Exposing 1 endpoint beneath base path '/actuator'
2026-10-04T06:49:08.810-03:00  INFO 2442 --- [usuarios-api] [restartedMain] o.s.boot.tomcat.TomcatWebServer          : Tomcat started on port 8181 (http) with context path '/usuarios-api'
2026-10-04T06:49:08.817-03:00  INFO 2442 --- [usuarios-api] [restartedMain] c.v.usuarios_api.UsuariosApiApplication  : Started UsuariosApiApplication in 4.259 seconds (process running for 4.954)
2026-10-04T06:49:08.947-03:00  INFO 2442 --- [usuarios-api] [RMI TCP Connection(1)-127.0.0.1] o.a.c.c.C.[.[localhost].[/usuarios-api]  : Initializing Spring DispatcherServlet 'dispatcherServlet'
2026-10-04T06:49:08.948-03:00  INFO 2442 --- [usuarios-api] [RMI TCP Connection(1)-127.0.0.1] o.s.web.servlet.DispatcherServlet        : Initializing Servlet 'dispatcherServlet'
2026-10-04T06:49:08.949-03:00  INFO 2442 --- [usuarios-api] [RMI TCP Connection(1)-127.0.0.1] o.s.web.servlet.DispatcherServlet        : Completed initialization in 1 ms
2026-10-04T06:49:50.818-03:00  WARN 2442 --- [usuarios-api] [http-nio-8181-exec-1] .m.m.a.ExceptionHandlerExceptionResolver : Resolved [org.springframework.web.bind.MethodArgumentNotValidException: Validation failed for argument [0] in public org.springframework.http.ResponseEntity<com.velsis.usuarios_api.entity.Usuario> com.velsis.usuarios_api.resource.UsuarioResource.criar(com.velsis.usuarios_api.entity.Usuario,jakarta.servlet.http.HttpServletResponse): [Field error in object 'usuario' on field 'cpf': rejected value [12417776991]; codes [CPF.usuario.cpf,CPF.cpf,CPF.java.lang.String,CPF]; arguments [org.springframework.context.support.DefaultMessageSourceResolvable: codes [usuario.cpf,cpf]; arguments []; default message [cpf]]; default message [invalid Brazilian individual taxpayer registry number (CPF)]] ]
2026-10-04T06:51:29.906-03:00  INFO 2442 --- [usuarios-api] [File Watcher] rtingClassPathChangeChangedEventListener : Restarting due to 1 class path change (0 additions, 0 deletions, 1 modification)
2026-10-04T06:51:29.910-03:00  INFO 2442 --- [usuarios-api] [Thread-1] o.s.boot.tomcat.GracefulShutdown         : Commencing graceful shutdown. Waiting for active requests to complete
2026-10-04T06:51:31.915-03:00  INFO 2442 --- [usuarios-api] [tomcat-shutdown] o.s.boot.tomcat.GracefulShutdown         : Graceful shutdown complete
2026-10-04T06:51:31.915-03:00 ERROR 2442 --- [usuarios-api] [http-nio-8181-Acceptor] org.apache.tomcat.util.net.Acceptor      : Socket accept failed

java.nio.channels.AsynchronousCloseException
	at java.base/java.nio.channels.spi.AbstractInterruptibleChannel.end(AbstractInterruptibleChannel.java:218) ~[na:na]
	at java.base/sun.nio.ch.ServerSocketChannelImpl.end(ServerSocketChannelImpl.java:372) ~[na:na]
	at java.base/sun.nio.ch.ServerSocketChannelImpl.accept(ServerSocketChannelImpl.java:397) ~[na:na]
	at org.apache.tomcat.util.net.NioEndpoint.serverSocketAccept(NioEndpoint.java:626) ~[tomcat-embed-core-11.0.24.jar:11.0.24]
	at org.apache.tomcat.util.net.NioEndpoint.serverSocketAccept(NioEndpoint.java:71) ~[tomcat-embed-core-11.0.24.jar:11.0.24]
	at org.apache.tomcat.util.net.Acceptor.run(Acceptor.java:145) ~[tomcat-embed-core-11.0.24.jar:11.0.24]
	at java.base/java.lang.Thread.run(Thread.java:1516) ~[na:na]

2026-10-04T06:51:31.923-03:00  INFO 2442 --- [usuarios-api] [Thread-1] j.LocalContainerEntityManagerFactoryBean : Closing JPA EntityManagerFactory for persistence unit 'default'
2026-10-04T06:51:31.925-03:00  INFO 2442 --- [usuarios-api] [Thread-1] com.zaxxer.hikari.HikariDataSource       : HikariPool-1 - Shutdown initiated...
2026-10-04T06:51:31.957-03:00  INFO 2442 --- [usuarios-api] [Thread-1] com.zaxxer.hikari.HikariDataSource       : HikariPool-1 - Shutdown completed.
2026-10-04T06:51:32.050-03:00  INFO 2442 --- [usuarios-api] [restartedMain] c.v.usuarios_api.UsuariosApiApplication  : Starting UsuariosApiApplication using Java 26.0.1 with PID 2442 (/Volumes/Development/code/java/velsis/usuarios-api/target/classes started by emerson in /Volumes/Development/code/java/velsis/usuarios-api)
2026-10-04T06:51:32.051-03:00  INFO 2442 --- [usuarios-api] [restartedMain] c.v.usuarios_api.UsuariosApiApplication  : No active profile set, falling back to 1 default profile: "default"
2026-10-04T06:51:32.210-03:00  INFO 2442 --- [usuarios-api] [restartedMain] .s.d.r.c.RepositoryConfigurationDelegate : Bootstrapping Spring Data JPA repositories in DEFAULT mode.
2026-10-04T06:51:32.216-03:00  INFO 2442 --- [usuarios-api] [restartedMain] .s.d.r.c.RepositoryConfigurationDelegate : Finished Spring Data repository scanning in 5 ms. Found 2 JPA repository interfaces.
2026-10-04T06:51:32.298-03:00  INFO 2442 --- [usuarios-api] [restartedMain] o.s.boot.tomcat.TomcatWebServer          : Tomcat initialized with port 8181 (http)
2026-10-04T06:51:32.298-03:00  INFO 2442 --- [usuarios-api] [restartedMain] o.apache.catalina.core.StandardService   : Starting service [Tomcat]
2026-10-04T06:51:32.298-03:00  INFO 2442 --- [usuarios-api] [restartedMain] o.apache.catalina.core.StandardEngine    : Starting Servlet engine: [Apache Tomcat/11.0.24]
2026-10-04T06:51:32.306-03:00  INFO 2442 --- [usuarios-api] [restartedMain] b.w.c.s.WebApplicationContextInitializer : Root WebApplicationContext: initialization completed in 254 ms
2026-10-04T06:51:32.340-03:00  WARN 2442 --- [usuarios-api] [restartedMain] com.zaxxer.hikari.HikariConfig           : HikariPool-2 - keepaliveTime is less than 30000ms, disabling it.
2026-10-04T06:51:32.340-03:00  INFO 2442 --- [usuarios-api] [restartedMain] com.zaxxer.hikari.HikariDataSource       : HikariPool-2 - Starting...
2026-10-04T06:51:32.343-03:00  INFO 2442 --- [usuarios-api] [restartedMain] com.zaxxer.hikari.pool.HikariPool        : HikariPool-2 - Added connection com.mysql.cj.jdbc.ConnectionImpl@664825e4
2026-10-04T06:51:32.344-03:00  INFO 2442 --- [usuarios-api] [restartedMain] com.zaxxer.hikari.HikariDataSource       : HikariPool-2 - Start completed.
2026-10-04T06:51:32.344-03:00  INFO 2442 --- [usuarios-api] [restartedMain] org.hibernate.orm.jpa                    : HHH008540: Processing PersistenceUnitInfo [name: default]
2026-10-04T06:51:32.363-03:00  INFO 2442 --- [usuarios-api] [restartedMain] o.s.o.j.p.SpringPersistenceUnitInfo      : No LoadTimeWeaver setup: ignoring JPA class transformer
2026-10-04T06:51:32.365-03:00  INFO 2442 --- [usuarios-api] [restartedMain] org.hibernate.orm.connections.pooling    : HHH10001005: Database info:
	Database JDBC URL [jdbc:mysql://localhost:3306/usuarios?useSSL=false&serverTimezone=America/Sao_Paulo&allowPublicKeyRetrieval=true]
	Database driver: MySQL Connector/J
	Database dialect: MySQLDialect
	Database version: 26.7
	Default catalog/schema: usuarios/undefined
	Autocommit mode: undefined/unknown
	Isolation level: REPEATABLE_READ [default REPEATABLE_READ]
	JDBC fetch size: none
	Pool: DataSourceConnectionProvider
	Minimum pool size: undefined/unknown
	Maximum pool size: undefined/unknown
2026-10-04T06:51:32.413-03:00  INFO 2442 --- [usuarios-api] [restartedMain] org.hibernate.orm.core                   : HHH000489: No JTA platform available (set 'hibernate.transaction.jta.platform' to enable JTA platform integration)
2026-10-04T06:51:32.413-03:00  INFO 2442 --- [usuarios-api] [restartedMain] j.LocalContainerEntityManagerFactoryBean : Initialized JPA EntityManagerFactory for persistence unit 'default'
2026-10-04T06:51:32.464-03:00  WARN 2442 --- [usuarios-api] [restartedMain] JpaBaseConfiguration$JpaWebConfiguration : spring.jpa.open-in-view is enabled by default. Therefore, database queries may be performed during view rendering. Explicitly configure spring.jpa.open-in-view to disable this warning
2026-10-04T06:51:32.551-03:00  INFO 2442 --- [usuarios-api] [restartedMain] .w.s.a.s.AnnotationActionEndpointMapping : Supporting [WS-Addressing August 2004, WS-Addressing 1.0]
2026-10-04T06:51:32.554-03:00  INFO 2442 --- [usuarios-api] [restartedMain] o.s.b.a.e.web.EndpointLinksResolver      : Exposing 1 endpoint beneath base path '/actuator'
2026-10-04T06:51:32.566-03:00  INFO 2442 --- [usuarios-api] [restartedMain] o.s.boot.tomcat.TomcatWebServer          : Tomcat started on port 8181 (http) with context path '/usuarios-api'
2026-10-04T06:51:32.570-03:00  INFO 2442 --- [usuarios-api] [restartedMain] c.v.usuarios_api.UsuariosApiApplication  : Started UsuariosApiApplication in 0.546 seconds (process running for 148.771)
2026-10-04T06:51:32.571-03:00  INFO 2442 --- [usuarios-api] [restartedMain] .ConditionEvaluationDeltaLoggingListener : Condition evaluation unchanged
2026-10-04T06:51:36.327-03:00  INFO 2442 --- [usuarios-api] [http-nio-8181-exec-1] o.a.c.c.C.[.[localhost].[/usuarios-api]  : Initializing Spring DispatcherServlet 'dispatcherServlet'
2026-10-04T06:51:36.327-03:00  INFO 2442 --- [usuarios-api] [http-nio-8181-exec-1] o.s.web.servlet.DispatcherServlet        : Initializing Servlet 'dispatcherServlet'
2026-10-04T06:51:36.328-03:00  INFO 2442 --- [usuarios-api] [http-nio-8181-exec-1] o.s.web.servlet.DispatcherServlet        : Completed initialization in 1 ms
2026-10-04T06:51:36.346-03:00  WARN 2442 --- [usuarios-api] [http-nio-8181-exec-1] .m.m.a.ExceptionHandlerExceptionResolver : Resolved [org.springframework.web.bind.MethodArgumentNotValidException: Validation failed for argument [0] in public org.springframework.http.ResponseEntity<com.velsis.usuarios_api.entity.Usuario> com.velsis.usuarios_api.resource.UsuarioResource.criar(com.velsis.usuarios_api.entity.Usuario,jakarta.servlet.http.HttpServletResponse): [Field error in object 'usuario' on field 'cpf': rejected value [12417776991]; codes [CPF.usuario.cpf,CPF.cpf,CPF.java.lang.String,CPF]; arguments [org.springframework.context.support.DefaultMessageSourceResolvable: codes [usuario.cpf,cpf]; arguments []; default message [cpf]]; default message [{0} informado é inválido.]] ]
2026-10-04T06:52:42.914-03:00  WARN 2442 --- [usuarios-api] [http-nio-8181-exec-2] .w.s.m.a.ResponseStatusExceptionResolver : Resolved [com.velsis.usuarios_api.exception.EnderecoLogradouroDuplicadoException: O endereço Rua Justo Manfron da cidade Curitiba já está cadastrado com o Cep 82410-540;]
